=== PS-PDU #1 ===
<PS-PDU>
    <pSHeader>
        <li-psDomainId>0.4.0.2.2.5.1.18</li-psDomainId>
        <lawfulInterceptionIdentifier>6197D06B4D15CF9885802B8F4C20E22DB95CEC57E3E4F1F09F</lawfulInterceptionIdentifier>
        <authorizationCountryCode>NL</authorizationCountryCode>
        <communicationIdentifier>
            <networkIdentifier>
                <operatorIdentifier>3033313131363134</operatorIdentifier>
                <networkElementIdentifier>5A4C4E4F4C4331</networkElementIdentifier>
            </networkIdentifier>
            <communicationIdentityNumber>169110248</communicationIdentityNumber>
            <deliveryCountryCode>NL</deliveryCountryCode>
        </communicationIdentifier>
        <sequenceNumber>0</sequenceNumber>
        <microSecondTimeStamp>
            <seconds>1463559976</seconds>
            <microSeconds>1782531</microSeconds>
        </microSecondTimeStamp>
        <timeStampQualifier><timeOfMediation/></timeStampQualifier>
    </pSHeader>
    <payload>
        <encryptionContainer>
            <encryptionType><none/></encryptionType>
            <encryptedPayload>3081FD8008573C272800000000A181F0A081ED3081EA800101A281E4A581E1A081DE800604000202011197010881198750F0879CC948829DFA63B3E6E7CE1587CA4FC3E09B605802A21E80083734303637373033A11280053331303536A109810783138321436507A315A013800E3230313630353138313032363136810102840102850102A82D82078289645AE69BC4A522A120810A4E3532303333332E3836820B45303035313535322E333183010084026B0FA942302D800101A12881084BD74A3E18B4432F8308D5A0B9E08944E465A509820773B9F6A7E6055F8607E7981D2785BAD53011800100A10CA40A8108841F1343535355058C01068F03313030</encryptedPayload>
            <encryptedPayloadType><part6/></encryptedPayloadType>
        </encryptionContainer>
    </payload>
</PS-PDU>
--- EncryptedPayload (256 bytes, 0 zero-padded) ---
<EncryptedPayload>
    <byteCounter>6285942232654544896</byteCounter>
    <payload>
        <iRIPayloadSequence>
            <IRIPayload>
                <iRIType><iRI-Begin/></iRIType>
                <iRIContents>
                    <eTSI671IRI>
                        <iRI-Parameters>
                            <domainID>0.4.0.2.2.1.17</domainID>
                            <iRIversion><lastVersion/></iRIversion>
                            <lawfulInterceptionIdentifier>8750F0879CC948829DFA63B3E6E7CE1587CA4FC3E09B605802</lawfulInterceptionIdentifier>
                            <communicationIdentifier>
                                <communication-Identity-Number>3734303637373033</communication-Identity-Number>
                                <network-Identifier>
                                    <operator-Identifier>3331303536</operator-Identifier>
                                    <network-Element-Identifier>
                                        <e164-Format>83138321436507</e164-Format>
                                    </network-Element-Identifier>
                                </network-Identifier>
                            </communicationIdentifier>
                            <timeStamp>
                                <localTime>
                                    <generalizedTime>20160518102616</generalizedTime>
                                    <winterSummerIndication><summerTime/></winterSummerIndication>
                                </localTime>
                            </timeStamp>
                            <intercepted-Call-Direct><terminating-Target/></intercepted-Call-Direct>
                            <intercepted-Call-State><setUpInProcess/></intercepted-Call-State>
                            <locationOfTheTarget>
                                <globalCellID>8289645AE69BC4</globalCellID>
                                <gsmLocation>
                                    <geoCoordinates>
                                        <latitude>N520333.86</latitude>
                                        <longitude>E0051552.31</longitude>
                                        <mapDatum><wGS84/></mapDatum>
                                        <azimuth>27407</azimuth>
                                    </geoCoordinates>
                                </gsmLocation>
                            </locationOfTheTarget>
                            <partyInformation>
                                <PartyInformation>
                                    <party-Qualifier><terminating-Party/></party-Qualifier>
                                    <partyIdentity>
                                        <imei>4BD74A3E18B4432F</imei>
                                        <imsi>D5A0B9E08944E465</imsi>
                                        <calledPartyNumber>
                                            <mAP-Format>73B9F6A7E6055F</mAP-Format>
                                        </calledPartyNumber>
                                        <msISDN>E7981D2785BAD5</msISDN>
                                    </partyIdentity>
                                </PartyInformation>
                                <PartyInformation>
                                    <party-Qualifier><originating-Party/></party-Qualifier>
                                    <partyIdentity>
                                        <callingPartyNumber>
                                            <iSUP-Format>841F134353535505</iSUP-Format>
                                        </callingPartyNumber>
                                    </partyIdentity>
                                </PartyInformation>
                            </partyInformation>
                            <nature-Of-The-intercepted-call><uMTS-circuit-call/></nature-Of-The-intercepted-call>
                            <cC-Link-Identifier>313030</cC-Link-Identifier>
                        </iRI-Parameters>
                    </eTSI671IRI>
                </iRIContents>
            </IRIPayload>
        </iRIPayloadSequence>
    </payload>
</EncryptedPayload>
=== PS-PDU #2 ===
<PS-PDU>
    <pSHeader>
        <li-psDomainId>0.4.0.2.2.5.1.18</li-psDomainId>
        <lawfulInterceptionIdentifier>085406F8D31078B6539BCA0FE5F26F05756553F30CBE97B0A1</lawfulInterceptionIdentifier>
        <authorizationCountryCode>NL</authorizationCountryCode>
        <communicationIdentifier>
            <networkIdentifier>
                <operatorIdentifier>3033313131363134</operatorIdentifier>
                <networkElementIdentifier>5A4C4E4F4C4331</networkElementIdentifier>
            </networkIdentifier>
            <communicationIdentityNumber>-2003602870</communicationIdentityNumber>
            <deliveryCountryCode>NL</deliveryCountryCode>
        </communicationIdentifier>
        <sequenceNumber>1</sequenceNumber>
        <microSecondTimeStamp>
            <seconds>1463559976</seconds>
            <microSeconds>6845686</microSeconds>
        </microSecondTimeStamp>
        <timeStampQualifier><timeOfMediation/></timeStampQualifier>
    </pSHeader>
    <payload>
        <encryptionContainer>
            <encryptionType><none/></encryptionType>
            <encryptedPayload>302C8008573C272800000174A120A01E301C800104A217AA15800405060401A10DA00BA0038001018101088701030000</encryptedPayload>
            <encryptedPayloadType><part6/></encryptedPayloadType>
        </encryptionContainer>
    </payload>
</PS-PDU>
--- EncryptedPayload (46 bytes, 2 zero-padded) ---
<EncryptedPayload>
    <byteCounter>6285942232654545268</byteCounter>
    <payload>
        <iRIPayloadSequence>
            <IRIPayload>
                <iRIType><iRI-Report/></iRIType>
                <iRIContents>
                    <pstnIsdnIRI>
                        <pstnIsdnIRIObjId>5.6.4.1</pstnIsdnIRIObjId>
                        <pstnIsdnIRIContents>
                            <supplementaryInfo>
                                <informationAppliesTo>
                                    <payloadDirection><toTarget/></payloadDirection>
                                </informationAppliesTo>
                                <mediaFormat>8</mediaFormat>
                                <frameType><audioFrame/></frameType>
                            </supplementaryInfo>
                        </pstnIsdnIRIContents>
                    </pstnIsdnIRI>
                </iRIContents>
            </IRIPayload>
        </iRIPayloadSequence>
    </payload>
</EncryptedPayload>
